.next/dev/types/validator.ts(260,39): error TS2306: File 'C:/Website Project/customer-relationship-management/src/app/api/crm/customer-hub/sales-order/route.ts' is not a module.
.next/types/validator.ts(242,39): error TS2306: File 'C:/Website Project/customer-relationship-management/src/app/api/crm/customer-hub/sales-order/route.ts' is not a module.
src/components/ui/combobox.tsx(264,43): error TS2820: Type '"icon-xs"' is not assignable to type '"default" | "sm" | "lg" | "icon" | "icon-sm" | "icon-lg" | null | undefined'. Did you mean '"icon-sm"'?
src/components/ui/resizable.tsx(12,51): error TS2339: Property 'PanelGroup' does not exist on type 'typeof import("C:/Website Project/customer-relationship-management/node_modules/react-resizable-panels/dist/react-resizable-panels")'.
src/components/ui/resizable.tsx(14,25): error TS2339: Property 'PanelGroup' does not exist on type 'typeof import("C:/Website Project/customer-relationship-management/node_modules/react-resizable-panels/dist/react-resizable-panels")'.
src/components/ui/resizable.tsx(35,51): error TS2339: Property 'PanelResizeHandle' does not exist on type 'typeof import("C:/Website Project/customer-relationship-management/node_modules/react-resizable-panels/dist/react-resizable-panels")'.
src/components/ui/resizable.tsx(39,25): error TS2339: Property 'PanelResizeHandle' does not exist on type 'typeof import("C:/Website Project/customer-relationship-management/node_modules/react-resizable-panels/dist/react-resizable-panels")'.
src/components/ui/resizable.tsx(52,26): error TS2339: Property 'PanelResizeHandle' does not exist on type 'typeof import("C:/Website Project/customer-relationship-management/node_modules/react-resizable-panels/dist/react-resizable-panels")'.
src/modules/customer-relationship-management/customer-hub/sales-order-approval/hooks/useSalesOrderApproval.ts(3,26): error TS2307: Cannot find module '@/components/ui/use-toast' or its corresponding type declarations.
