src/app/(customer-relationship-management)/crm/printables/product-printables/page.tsx(14,41): error TS2307: Cannot find module '@/modules/financial-management/printables-management/product-printables' or its corresponding type declarations.
src/modules/customer-relationship-management/printables-management/product-printables/components/PrintablesTable.tsx(27,54): error TS2339: Property 'id' does not exist on type 'Unit'.
src/modules/customer-relationship-management/printables-management/product-printables/components/PrintablesTable.tsx(27,61): error TS2339: Property 'unit_code' does not exist on type 'Unit'.
